
Allocating common symbols
Common symbol       size              file

idt_ptr             0x6               kernel/global.o
inode_table         0xb00             kernel/global.o
task_stack          0x38000           kernel/global.o
k_reenter           0x4               kernel/global.o
gdt                 0x400             kernel/global.o
pcaller             0x4               kernel/global.o
tty_table           0xc30             kernel/global.o
tss                 0x68              kernel/global.o
fs_msg              0x30              kernel/global.o
nr_current_console  0x4               kernel/global.o
f_desc_table        0x300             kernel/global.o
root_inode          0x4               kernel/global.o
disp_pos            0x4               kernel/global.o
gdt_ptr             0x6               kernel/global.o
idt                 0x800             kernel/global.o
super_block         0x1e0             kernel/global.o
PARTITION_ENTRY     0x10              kernel/start.o
ticks               0x4               kernel/global.o
console_table       0x30              kernel/global.o
irq_table           0x40              kernel/global.o
p_proc_ready        0x4               kernel/global.o
proc_table          0xb98             kernel/global.o

Discarded input sections

 .note.GNU-stack
                0x0000000000000000        0x0 kernel/start.o
 .note.GNU-stack
                0x0000000000000000        0x0 kernel/i8259.o
 .note.GNU-stack
                0x0000000000000000        0x0 kernel/global.o
 .note.GNU-stack
                0x0000000000000000        0x0 kernel/protect.o
 .note.GNU-stack
                0x0000000000000000        0x0 kernel/main.o
 .note.GNU-stack
                0x0000000000000000        0x0 kernel/clock.o
 .note.GNU-stack
                0x0000000000000000        0x0 kernel/proc.o
 .note.GNU-stack
                0x0000000000000000        0x0 kernel/keyboard.o
 .note.GNU-stack
                0x0000000000000000        0x0 kernel/tty.o
 .note.GNU-stack
                0x0000000000000000        0x0 kernel/console.o
 .note.GNU-stack
                0x0000000000000000        0x0 kernel/printf.o
 .note.GNU-stack
                0x0000000000000000        0x0 kernel/vsprintf.o
 .note.GNU-stack
                0x0000000000000000        0x0 kernel/systask.o
 .note.GNU-stack
                0x0000000000000000        0x0 kernel/hd.o
 .note.GNU-stack
                0x0000000000000000        0x0 fs/main.o
 .note.GNU-stack
                0x0000000000000000        0x0 fs/open.o
 .note.GNU-stack
                0x0000000000000000        0x0 fs/misc.o
 .note.GNU-stack
                0x0000000000000000        0x0 fs/read_write.o
 .note.GNU-stack
                0x0000000000000000        0x0 fs/link.o
 .note.GNU-stack
                0x0000000000000000        0x0 lib/klib.o
 .note.GNU-stack
                0x0000000000000000        0x0 lib/misc.o
 .note.GNU-stack
                0x0000000000000000        0x0 lib/close.o
 .note.GNU-stack
                0x0000000000000000        0x0 lib/open.o
 .note.GNU-stack
                0x0000000000000000        0x0 lib/read.o
 .note.GNU-stack
                0x0000000000000000        0x0 lib/write.o
 .note.GNU-stack
                0x0000000000000000        0x0 lib/unlink.o

Memory Configuration

Name             Origin             Length             Attributes
*default*        0x0000000000000000 0xffffffffffffffff

Linker script and memory map

Address of section .text set to 0x1000
LOAD kernel/kernel.o
LOAD kernel/start.o
LOAD kernel/i8259.o
LOAD kernel/global.o
LOAD kernel/protect.o
LOAD kernel/main.o
LOAD kernel/clock.o
LOAD kernel/proc.o
LOAD kernel/keyboard.o
LOAD kernel/tty.o
LOAD kernel/console.o
LOAD kernel/printf.o
LOAD kernel/vsprintf.o
LOAD kernel/systask.o
LOAD kernel/hd.o
LOAD fs/main.o
LOAD fs/open.o
LOAD fs/misc.o
LOAD fs/read_write.o
LOAD fs/link.o
LOAD lib/kliba.o
LOAD lib/klib.o
LOAD lib/string.o
LOAD lib/syscall.o
LOAD lib/misc.o
LOAD lib/close.o
LOAD lib/open.o
LOAD lib/read.o
LOAD lib/write.o
LOAD lib/unlink.o
                [!provide]                        PROVIDE (__executable_start, 0x8048000)
                0x0000000008048094                . = (0x8048000 + SIZEOF_HEADERS)

.interp
 *(.interp)

.note.gnu.build-id
 *(.note.gnu.build-id)

.hash
 *(.hash)

.gnu.hash
 *(.gnu.hash)

.dynsym
 *(.dynsym)

.dynstr
 *(.dynstr)

.gnu.version
 *(.gnu.version)

.gnu.version_d
 *(.gnu.version_d)

.gnu.version_r
 *(.gnu.version_r)

.rel.dyn        0x0000000008048094        0x0
 *(.rel.init)
 *(.rel.text .rel.text.* .rel.gnu.linkonce.t.*)
 .rel.text      0x0000000008048094        0x0 kernel/kernel.o
 *(.rel.fini)
 *(.rel.rodata .rel.rodata.* .rel.gnu.linkonce.r.*)
 *(.rel.data.rel.ro .rel.data.rel.ro.* .rel.gnu.linkonce.d.rel.ro.*)
 *(.rel.data .rel.data.* .rel.gnu.linkonce.d.*)
 .rel.data      0x0000000008048094        0x0 kernel/kernel.o
 *(.rel.tdata .rel.tdata.* .rel.gnu.linkonce.td.*)
 *(.rel.tbss .rel.tbss.* .rel.gnu.linkonce.tb.*)
 *(.rel.ctors)
 *(.rel.dtors)
 *(.rel.got)
 *(.rel.bss .rel.bss.* .rel.gnu.linkonce.b.*)
 *(.rel.ifunc)

.rel.plt        0x0000000008048094        0x0
 *(.rel.plt)
                [!provide]                        PROVIDE (__rel_iplt_start, .)
 *(.rel.iplt)
 .rel.iplt      0x0000000008048094        0x0 kernel/kernel.o
                [!provide]                        PROVIDE (__rel_iplt_end, .)

.init
 *(SORT(.init))

.plt            0x00000000080480a0        0x0
 *(.plt)
 *(.iplt)
 .iplt          0x00000000080480a0        0x0 kernel/kernel.o

.plt.got
 *(.plt.got)

.text           0x0000000000001000     0x74a5
 *(.text.unlikely .text.*_unlikely .text.unlikely.*)
 *(.text.exit .text.exit.*)
 *(.text.startup .text.startup.*)
 *(.text.hot .text.hot.*)
 *(.text .stub .text.* .gnu.linkonce.t.*)
 .text          0x0000000000001000      0x413 kernel/kernel.o
                0x0000000000001000                _start
                0x0000000000001040                hwint00
                0x0000000000001070                hwint01
                0x00000000000010a0                hwint02
                0x00000000000010d0                hwint03
                0x0000000000001100                hwint04
                0x0000000000001130                hwint05
                0x0000000000001160                hwint06
                0x0000000000001190                hwint07
                0x00000000000011c0                hwint08
                0x00000000000011f0                hwint09
                0x0000000000001220                hwint10
                0x0000000000001250                hwint11
                0x0000000000001280                hwint12
                0x00000000000012b0                hwint13
                0x00000000000012e0                hwint14
                0x0000000000001310                hwint15
                0x0000000000001334                divide_error
                0x000000000000133a                single_step_exception
                0x0000000000001340                nmi
                0x0000000000001346                breakpoint_exception
                0x000000000000134c                overflow
                0x0000000000001352                bounds_check
                0x0000000000001358                inval_opcode
                0x000000000000135e                copr_not_available
                0x0000000000001364                double_fault
                0x0000000000001368                copr_seg_overrun
                0x000000000000136e                inval_tss
                0x0000000000001372                segment_not_present
                0x0000000000001376                stack_exception
                0x000000000000137a                general_protection
                0x0000000000001383                page_fault
                0x0000000000001387                copr_error
                0x0000000000001396                sys_call
                0x00000000000013ee                restart
 .text          0x0000000000001413       0x95 kernel/start.o
                0x0000000000001413                cstart
 .text          0x00000000000014a8      0x130 kernel/i8259.o
                0x00000000000014a8                init_8259A
                0x000000000000157d                put_irq_handler
                0x00000000000015a1                spurious_irq
 .text          0x00000000000015d8        0x0 kernel/global.o
 .text          0x00000000000015d8      0x5f9 kernel/protect.o
                0x00000000000015d8                init_prot
                0x00000000000019e7                seg2phys
                0x0000000000001aa3                exception_handler
 .text          0x0000000000001bd1      0x69c kernel/main.o
                0x0000000000001bd1                kernel_main
                0x0000000000001e65                TestA
                0x0000000000002174                TestB
                0x0000000000002193                TestC
                0x00000000000021cc                get_ticks
                0x0000000000002224                panic
 .text          0x000000000000226d       0xd5 kernel/clock.o
                0x000000000000226d                clock_handler
                0x00000000000022b0                init_clock
                0x0000000000002308                milli_delay
 .text          0x0000000000002342     0x147b kernel/proc.o
                0x0000000000002342                schedule
                0x00000000000023da                sys_sendrec
                0x000000000000253e                ldt_seg_linear
                0x0000000000002588                va2la
                0x00000000000025e6                reset_msg
                0x0000000000003485                send_recv
                0x0000000000003542                inform_int
                0x00000000000036b0                dump_msg
 .text          0x00000000000037bd      0x69b kernel/keyboard.o
                0x00000000000037bd                init_keyboard
                0x000000000000386c                keyboard_handler
                0x00000000000038cc                keyboard_read
 .text          0x0000000000003e58      0x4fa kernel/tty.o
                0x0000000000003e58                task_tty
                0x0000000000003fcc                in_process
                0x0000000000004158                tty_write
                0x000000000000419e                sys_printx
 .text          0x0000000000004352      0x40c kernel/console.o
                0x0000000000004352                is_current_console
                0x000000000000436d                init_screen
                0x0000000000004473                select_console
                0x00000000000044a9                scroll_screen
                0x0000000000004514                out_char
 .text          0x000000000000475e       0x50 kernel/printf.o
                0x000000000000475e                printf
 .text          0x00000000000047ae      0x305 kernel/vsprintf.o
                0x000000000000480c                vsprintf
                0x0000000000004a8d                sprintf
 .text          0x0000000000004ab3       0x9c kernel/systask.o
                0x0000000000004ab3                task_sys
 .text          0x0000000000004b4f      0xe38 kernel/hd.o
                0x0000000000004b4f                task_hd
                0x0000000000005944                hd_handler
                0x000000000000596f                get_hd_status
 .text          0x0000000000005987      0xca4 fs/main.o
                0x0000000000005987                task_fs
                0x00000000000060f9                rw_sector
                0x0000000000006318                get_super_block
                0x000000000000637a                get_inode
                0x00000000000064ee                put_inode
                0x000000000000652c                sync_inode
 .text          0x000000000000662b      0xaad fs/open.o
                0x000000000000662b                do_open
                0x0000000000006a7e                do_close
                0x0000000000006ad6                do_lseek
 .text          0x00000000000070d8      0x1f7 fs/misc.o
                0x00000000000070d8                search_file
                0x0000000000007244                strip_path
 .text          0x00000000000072cf      0x494 fs/read_write.o
                0x00000000000072cf                do_rdwt
 .text          0x0000000000007763      0x7c0 fs/link.o
                0x0000000000007763                do_unlink
 *fill*         0x0000000000007f23        0xd 
 .text          0x0000000000007f30      0x131 lib/kliba.o
                0x0000000000007f30                disp_str
                0x0000000000007f7e                disp_color_str
                0x0000000000007fcd                out_byte
                0x0000000000007fd9                in_byte
                0x0000000000007fe3                disable_irq
                0x0000000000008018                enable_irq
                0x0000000000008037                enable_int
                0x0000000000008039                disable_int
                0x000000000000803b                port_read
                0x000000000000804e                port_write
 .text          0x0000000000008061      0x120 lib/klib.o
                0x0000000000008061                itoa
                0x000000000000810c                disp_int
                0x0000000000008133                delay
                0x000000000000817a                pause
 *fill*         0x0000000000008181        0xf 
 .text          0x0000000000008190       0x80 lib/string.o
                0x0000000000008190                memcpy
                0x00000000000081b9                memset
                0x00000000000081da                strcpy
                0x00000000000081f6                debug
                0x00000000000081fa                strlen
 .text          0x0000000000008210       0x20 lib/syscall.o
                0x0000000000008210                printx
                0x000000000000821c                sendrec
 .text          0x0000000000008230      0x13d lib/misc.o
                0x0000000000008230                memcmp
                0x00000000000082a6                strcmp
                0x0000000000008319                spin
                0x0000000000008334                assertion_failure
 .text          0x000000000000836d       0x2b lib/close.o
                0x000000000000836d                close
 .text          0x0000000000008398       0x63 lib/open.o
                0x0000000000008398                open
 .text          0x00000000000083fb       0x37 lib/read.o
                0x00000000000083fb                read
 .text          0x0000000000008432       0x37 lib/write.o
                0x0000000000008432                write
 .text          0x0000000000008469       0x3c lib/unlink.o
                0x0000000000008469                unlink
 *(.gnu.warning)

.fini
 *(SORT(.fini))
                [!provide]                        PROVIDE (__etext, .)
                [!provide]                        PROVIDE (_etext, .)
                [!provide]                        PROVIDE (etext, .)

.rodata         0x00000000000084c0     0x1319
 *(.rodata .rodata.* .gnu.linkonce.r.*)
 .rodata        0x00000000000084c0       0x55 kernel/start.o
 .rodata        0x0000000000008515       0x11 kernel/i8259.o
 *fill*         0x0000000000008526        0x2 
 .rodata        0x0000000000008528        0x4 kernel/global.o
                0x0000000000008528                FSBUF_SIZE
 *fill*         0x000000000000852c       0x14 
 .rodata        0x0000000000008540      0x290 kernel/protect.o
 .rodata        0x00000000000087d0      0x13d kernel/main.o
 *fill*         0x000000000000890d        0x3 
 .rodata        0x0000000000008910      0x572 kernel/proc.o
 *fill*         0x0000000000008e82        0x2 
 .rodata        0x0000000000008e84       0x64 kernel/keyboard.o
 .rodata        0x0000000000008ee8       0x90 kernel/tty.o
 .rodata        0x0000000000008f78       0x39 kernel/systask.o
 *fill*         0x0000000000008fb1        0x3 
 .rodata        0x0000000000008fb4      0x1b0 kernel/hd.o
 .rodata        0x0000000000009164      0x1cf fs/main.o
 *fill*         0x0000000000009333        0x1 
 .rodata        0x0000000000009334      0x138 fs/open.o
 .rodata        0x000000000000946c      0x164 fs/read_write.o
 .rodata        0x00000000000095d0      0x17f fs/link.o
 *fill*         0x000000000000974f        0x1 
 .rodata        0x0000000000009750       0x66 lib/misc.o
 .rodata        0x00000000000097b6       0x23 lib/open.o

.rodata1
 *(.rodata1)

.eh_frame_hdr
 *(.eh_frame_hdr)
 *(.eh_frame_entry .eh_frame_entry.*)

.eh_frame       0x00000000000097dc      0xe28
 *(.eh_frame)
 .eh_frame      0x00000000000097dc       0x38 kernel/start.o
 .eh_frame      0x0000000000009814       0x60 kernel/i8259.o
                                         0x78 (size before relaxing)
 .eh_frame      0x0000000000009874       0xb0 kernel/protect.o
                                         0xc8 (size before relaxing)
 .eh_frame      0x0000000000009924       0xb8 kernel/main.o
                                         0xd0 (size before relaxing)
 .eh_frame      0x00000000000099dc       0x60 kernel/clock.o
                                         0x78 (size before relaxing)
 .eh_frame      0x0000000000009a3c      0x1b8 kernel/proc.o
                                        0x1d0 (size before relaxing)
 .eh_frame      0x0000000000009bf4       0xe0 kernel/keyboard.o
                                         0xf8 (size before relaxing)
 .eh_frame      0x0000000000009cd4       0xfc kernel/tty.o
                                        0x114 (size before relaxing)
 .eh_frame      0x0000000000009dd0      0x100 kernel/console.o
                                        0x118 (size before relaxing)
 .eh_frame      0x0000000000009ed0       0x20 kernel/printf.o
                                         0x38 (size before relaxing)
 .eh_frame      0x0000000000009ef0       0x60 kernel/vsprintf.o
                                         0x78 (size before relaxing)
 .eh_frame      0x0000000000009f50       0x1c kernel/systask.o
                                         0x34 (size before relaxing)
 .eh_frame      0x0000000000009f6c      0x210 kernel/hd.o
                                        0x228 (size before relaxing)
 .eh_frame      0x000000000000a17c      0x130 fs/main.o
                                        0x148 (size before relaxing)
 .eh_frame      0x000000000000a2ac      0x120 fs/open.o
                                        0x138 (size before relaxing)
 .eh_frame      0x000000000000a3cc       0x44 fs/misc.o
                                         0x5c (size before relaxing)
 .eh_frame      0x000000000000a410       0x2c fs/read_write.o
                                         0x44 (size before relaxing)
 .eh_frame      0x000000000000a43c       0x2c fs/link.o
                                         0x44 (size before relaxing)
 .eh_frame      0x000000000000a468       0x80 lib/klib.o
                                         0x98 (size before relaxing)
 .eh_frame      0x000000000000a4e8       0x7c lib/misc.o
                                         0x94 (size before relaxing)
 .eh_frame      0x000000000000a564       0x20 lib/close.o
                                         0x38 (size before relaxing)
 .eh_frame      0x000000000000a584       0x20 lib/open.o
                                         0x38 (size before relaxing)
 .eh_frame      0x000000000000a5a4       0x20 lib/read.o
                                         0x38 (size before relaxing)
 .eh_frame      0x000000000000a5c4       0x20 lib/write.o
                                         0x38 (size before relaxing)
 .eh_frame      0x000000000000a5e4       0x20 lib/unlink.o
                                         0x38 (size before relaxing)
 *(.eh_frame.*)

.gcc_except_table
 *(.gcc_except_table .gcc_except_table.*)

.gnu_extab
 *(.gnu_extab*)

.exception_ranges
 *(.exception_ranges .exception_ranges*)
                0x000000000000b000                . = DATA_SEGMENT_ALIGN (0x1000, 0x1000)

.eh_frame
 *(.eh_frame)
 *(.eh_frame.*)

.gnu_extab
 *(.gnu_extab)

.gcc_except_table
 *(.gcc_except_table .gcc_except_table.*)

.exception_ranges
 *(.exception_ranges .exception_ranges*)

.tdata
 *(.tdata .tdata.* .gnu.linkonce.td.*)

.tbss
 *(.tbss .tbss.* .gnu.linkonce.tb.*)
 *(.tcommon)

.preinit_array  0x000000000000b000        0x0
                [!provide]                        PROVIDE (__preinit_array_start, .)
 *(.preinit_array)
                [!provide]                        PROVIDE (__preinit_array_end, .)

.init_array     0x000000000000b000        0x0
                [!provide]                        PROVIDE (__init_array_start, .)
 *(SORT(.init_array.*) SORT(.ctors.*))
 *(.init_array EXCLUDE_FILE(*crtend?.o *crtend.o *crtbegin?.o *crtbegin.o) .ctors)
                [!provide]                        PROVIDE (__init_array_end, .)

.fini_array     0x000000000000b000        0x0
                [!provide]                        PROVIDE (__fini_array_start, .)
 *(SORT(.fini_array.*) SORT(.dtors.*))
 *(.fini_array EXCLUDE_FILE(*crtend?.o *crtend.o *crtbegin?.o *crtbegin.o) .dtors)
                [!provide]                        PROVIDE (__fini_array_end, .)

.ctors
 *crtbegin.o(.ctors)
 *crtbegin?.o(.ctors)
 *(EXCLUDE_FILE(*crtend?.o *crtend.o) .ctors)
 *(SORT(.ctors.*))
 *(.ctors)

.dtors
 *crtbegin.o(.dtors)
 *crtbegin?.o(.dtors)
 *(EXCLUDE_FILE(*crtend?.o *crtend.o) .dtors)
 *(SORT(.dtors.*))
 *(.dtors)

.jcr
 *(.jcr)

.data.rel.ro
 *(.data.rel.ro.local* .gnu.linkonce.d.rel.ro.local.*)
 *(.data.rel.ro .data.rel.ro.* .gnu.linkonce.d.rel.ro.*)

.dynamic
 *(.dynamic)

.got
 *(.got)
 *(.igot)
                0x000000000000b000                . = DATA_SEGMENT_RELRO_END (., (SIZEOF (.got.plt) >= 0xc)?0xc:0x0)

.got.plt        0x000000000000b000        0x0
 *(.got.plt)
 *(.igot.plt)
 .igot.plt      0x000000000000b000        0x0 kernel/kernel.o

.data           0x000000000000b000      0x760
 *(.data .data.* .gnu.linkonce.d.*)
 .data          0x000000000000b000        0x2 kernel/kernel.o
 .data          0x000000000000b002        0x0 kernel/start.o
 .data          0x000000000000b002        0x0 kernel/i8259.o
 *fill*         0x000000000000b002       0x1e 
 .data          0x000000000000b020      0x13c kernel/global.o
                0x000000000000b020                task_table
                0x000000000000b0c0                user_proc_table
                0x000000000000b138                sys_call_table
                0x000000000000b140                dd_map
                0x000000000000b158                fsbuf
 .data          0x000000000000b15c        0x0 kernel/protect.o
 .data          0x000000000000b15c        0x0 kernel/main.o
 .data          0x000000000000b15c        0x0 kernel/clock.o
 .data          0x000000000000b15c        0x0 kernel/proc.o
 *fill*         0x000000000000b15c        0x4 
 .data          0x000000000000b160      0x600 kernel/keyboard.o
                0x000000000000b160                keymap
 .data          0x000000000000b760        0x0 kernel/tty.o
 .data          0x000000000000b760        0x0 kernel/console.o
 .data          0x000000000000b760        0x0 kernel/printf.o
 .data          0x000000000000b760        0x0 kernel/vsprintf.o
 .data          0x000000000000b760        0x0 kernel/systask.o
 .data          0x000000000000b760        0x0 kernel/hd.o
 .data          0x000000000000b760        0x0 fs/main.o
 .data          0x000000000000b760        0x0 fs/open.o
 .data          0x000000000000b760        0x0 fs/misc.o
 .data          0x000000000000b760        0x0 fs/read_write.o
 .data          0x000000000000b760        0x0 fs/link.o
 .data          0x000000000000b760        0x0 lib/klib.o
 .data          0x000000000000b760        0x0 lib/misc.o
 .data          0x000000000000b760        0x0 lib/close.o
 .data          0x000000000000b760        0x0 lib/open.o
 .data          0x000000000000b760        0x0 lib/read.o
 .data          0x000000000000b760        0x0 lib/write.o
 .data          0x000000000000b760        0x0 lib/unlink.o

.data1
 *(.data1)
                0x000000000000b760                _edata = .
                [!provide]                        PROVIDE (edata, .)
                0x000000000000b760                . = .
                0x000000000000b760                __bss_start = .

.bss            0x000000000000b760    0x3c478
 *(.dynbss)
 *(.bss .bss.* .gnu.linkonce.b.*)
 .bss           0x000000000000b760      0x800 kernel/kernel.o
 .bss           0x000000000000bf60        0x0 kernel/start.o
 .bss           0x000000000000bf60        0x0 kernel/i8259.o
 .bss           0x000000000000bf60        0x0 kernel/global.o
 .bss           0x000000000000bf60        0x0 kernel/protect.o
 .bss           0x000000000000bf60        0x0 kernel/main.o
 .bss           0x000000000000bf60        0x0 kernel/clock.o
 .bss           0x000000000000bf60        0x0 kernel/proc.o
 .bss           0x000000000000bf60       0x58 kernel/keyboard.o
 .bss           0x000000000000bfb8        0x0 kernel/tty.o
 .bss           0x000000000000bfb8        0x0 kernel/console.o
 .bss           0x000000000000bfb8        0x0 kernel/printf.o
 .bss           0x000000000000bfb8        0x0 kernel/vsprintf.o
 .bss           0x000000000000bfb8        0x0 kernel/systask.o
 *fill*         0x000000000000bfb8        0x8 
 .bss           0x000000000000bfc0      0x64c kernel/hd.o
 .bss           0x000000000000c60c        0x0 fs/main.o
 .bss           0x000000000000c60c        0x0 fs/open.o
 .bss           0x000000000000c60c        0x0 fs/misc.o
 .bss           0x000000000000c60c        0x0 fs/read_write.o
 .bss           0x000000000000c60c        0x0 fs/link.o
 .bss           0x000000000000c60c        0x0 lib/klib.o
 .bss           0x000000000000c60c        0x0 lib/misc.o
 .bss           0x000000000000c60c        0x0 lib/close.o
 .bss           0x000000000000c60c        0x0 lib/open.o
 .bss           0x000000000000c60c        0x0 lib/read.o
 .bss           0x000000000000c60c        0x0 lib/write.o
 .bss           0x000000000000c60c        0x0 lib/unlink.o
 *(COMMON)
 COMMON         0x000000000000c60c       0x10 kernel/start.o
                0x000000000000c60c                PARTITION_ENTRY
 *fill*         0x000000000000c61c        0x4 
 COMMON         0x000000000000c620    0x3b5b8 kernel/global.o
                0x000000000000c620                idt_ptr
                0x000000000000c640                inode_table
                0x000000000000d140                task_stack
                0x0000000000045140                k_reenter
                0x0000000000045160                gdt
                0x0000000000045560                pcaller
                0x0000000000045580                tty_table
                0x00000000000461c0                tss
                0x0000000000046240                fs_msg
                0x0000000000046270                nr_current_console
                0x0000000000046280                f_desc_table
                0x0000000000046580                root_inode
                0x0000000000046584                disp_pos
                0x0000000000046588                gdt_ptr
                0x00000000000465a0                idt
                0x0000000000046da0                super_block
                0x0000000000046f80                ticks
                0x0000000000046fa0                console_table
                0x0000000000046fe0                irq_table
                0x0000000000047020                p_proc_ready
                0x0000000000047040                proc_table
                0x0000000000047bd8                . = ALIGN ((. != 0x0)?0x4:0x1)
                0x0000000000047bd8                . = ALIGN (0x4)
                0x0000000000047bd8                . = SEGMENT_START ("ldata-segment", .)
                0x0000000000047bd8                . = ALIGN (0x4)
                0x0000000000047bd8                _end = .
                [!provide]                        PROVIDE (end, .)
                0x0000000000047bd8                . = DATA_SEGMENT_END (.)

.stab
 *(.stab)

.stabstr
 *(.stabstr)

.stab.excl
 *(.stab.excl)

.stab.exclstr
 *(.stab.exclstr)

.stab.index
 *(.stab.index)

.stab.indexstr
 *(.stab.indexstr)

.comment        0x0000000000000000       0x35
 *(.comment)
 .comment       0x0000000000000000       0x35 kernel/start.o
                                         0x36 (size before relaxing)
 .comment       0x0000000000000035       0x36 kernel/i8259.o
 .comment       0x0000000000000035       0x36 kernel/global.o
 .comment       0x0000000000000035       0x36 kernel/protect.o
 .comment       0x0000000000000035       0x36 kernel/main.o
 .comment       0x0000000000000035       0x36 kernel/clock.o
 .comment       0x0000000000000035       0x36 kernel/proc.o
 .comment       0x0000000000000035       0x36 kernel/keyboard.o
 .comment       0x0000000000000035       0x36 kernel/tty.o
 .comment       0x0000000000000035       0x36 kernel/console.o
 .comment       0x0000000000000035       0x36 kernel/printf.o
 .comment       0x0000000000000035       0x36 kernel/vsprintf.o
 .comment       0x0000000000000035       0x36 kernel/systask.o
 .comment       0x0000000000000035       0x36 kernel/hd.o
 .comment       0x0000000000000035       0x36 fs/main.o
 .comment       0x0000000000000035       0x36 fs/open.o
 .comment       0x0000000000000035       0x36 fs/misc.o
 .comment       0x0000000000000035       0x36 fs/read_write.o
 .comment       0x0000000000000035       0x36 fs/link.o
 .comment       0x0000000000000035       0x36 lib/klib.o
 .comment       0x0000000000000035       0x36 lib/misc.o
 .comment       0x0000000000000035       0x36 lib/close.o
 .comment       0x0000000000000035       0x36 lib/open.o
 .comment       0x0000000000000035       0x36 lib/read.o
 .comment       0x0000000000000035       0x36 lib/write.o
 .comment       0x0000000000000035       0x36 lib/unlink.o

.debug
 *(.debug)

.line
 *(.line)

.debug_srcinfo
 *(.debug_srcinfo)

.debug_sfnames
 *(.debug_sfnames)

.debug_aranges
 *(.debug_aranges)

.debug_pubnames
 *(.debug_pubnames)

.debug_info
 *(.debug_info .gnu.linkonce.wi.*)

.debug_abbrev
 *(.debug_abbrev)

.debug_line
 *(.debug_line .debug_line.* .debug_line_end)

.debug_frame
 *(.debug_frame)

.debug_str
 *(.debug_str)

.debug_loc
 *(.debug_loc)

.debug_macinfo
 *(.debug_macinfo)

.debug_weaknames
 *(.debug_weaknames)

.debug_funcnames
 *(.debug_funcnames)

.debug_typenames
 *(.debug_typenames)

.debug_varnames
 *(.debug_varnames)

.debug_pubtypes
 *(.debug_pubtypes)

.debug_ranges
 *(.debug_ranges)

.debug_macro
 *(.debug_macro)

.gnu.attributes
 *(.gnu.attributes)

/DISCARD/
 *(.note.GNU-stack)
 *(.gnu_debuglink)
 *(.gnu.lto_*)
OUTPUT(kernel.bin elf32-i386)
